// Jest Snapshot v1, https://goo.gl/fbAQLP

exports[`List component renders List component UI as expected with cards 1`] = `
<section
  className="List"
  id="1"
>
  <header
    className="List-header"
  >
    <h2>
      a header
    </h2>
  </header>
  <div
    className="List-cards"
  >
    <div
      className="Card"
      id="a"
    >
      <h3>
        First card
      </h3>
      <p>
        lorem ipsum
        <button>
          delete
        </button>
      </p>
    </div>
  </div>
</section>
`;
